Analysis & Synthesis report for EU
Sun Oct 31 23:04:38 2021
Quartus Prime Version 20.1.1 Build 720 11/11/2020 SJ Lite Edition


---------------------
; Table of Contents ;
---------------------
  1. Legal Notice
  2. Analysis & Synthesis Summary
  3. Analysis & Synthesis Settings
  4. Parallel Compilation
  5. Analysis & Synthesis Source Files Read
  6. Analysis & Synthesis Resource Usage Summary
  7. Analysis & Synthesis Resource Utilization by Entity
  8. General Register Statistics
  9. Post-Synthesis Netlist Statistics for Top Partition
 10. Elapsed Time Per Partition
 11. Analysis & Synthesis Messages



----------------
; Legal Notice ;
----------------
Copyright (C) 2020  Intel Corporation. All rights reserved.
Your use of Intel Corporation's design tools, logic functions 
and other software and tools, and any partner logic 
functions, and any output files from any of the foregoing 
(including device programming or simulation files), and any 
associated documentation or information are expressly subject 
to the terms and conditions of the Intel Program License 
Subscription Agreement, the Intel Quartus Prime License Agreement,
the Intel FPGA IP License Agreement, or other applicable license
agreement, including, without limitation, that your use is for
the sole purpose of programming logic devices manufactured by
Intel and sold by Intel or its authorized distributors.  Please
refer to the applicable agreement for further details, at
https://fpgasoftware.intel.com/eula.



+-------------------------------------------------------------------------------+
; Analysis & Synthesis Summary                                                  ;
+---------------------------------+---------------------------------------------+
; Analysis & Synthesis Status     ; Successful - Sun Oct 31 23:04:37 2021       ;
; Quartus Prime Version           ; 20.1.1 Build 720 11/11/2020 SJ Lite Edition ;
; Revision Name                   ; EU                                          ;
; Top-level Entity Name           ; Eu                                          ;
; Family                          ; Cyclone V                                   ;
; Logic utilization (in ALMs)     ; N/A                                         ;
; Total registers                 ; 12                                          ;
; Total pins                      ; 28                                          ;
; Total virtual pins              ; 0                                           ;
; Total block memory bits         ; 0                                           ;
; Total DSP Blocks                ; 0                                           ;
; Total HSSI RX PCSs              ; 0                                           ;
; Total HSSI PMA RX Deserializers ; 0                                           ;
; Total HSSI TX PCSs              ; 0                                           ;
; Total HSSI PMA TX Serializers   ; 0                                           ;
; Total PLLs                      ; 0                                           ;
; Total DLLs                      ; 0                                           ;
+---------------------------------+---------------------------------------------+


+---------------------------------------------------------------------------------------------------------------------------+
; Analysis & Synthesis Settings                                                                                             ;
+---------------------------------------------------------------------------------+--------------------+--------------------+
; Option                                                                          ; Setting            ; Default Value      ;
+---------------------------------------------------------------------------------+--------------------+--------------------+
; Device                                                                          ; 5CSEMA5F31C6       ;                    ;
; Top-level entity name                                                           ; Eu                 ; EU                 ;
; Family name                                                                     ; Cyclone V          ; Cyclone V          ;
; Use smart compilation                                                           ; Off                ; Off                ;
; Enable parallel Assembler and Timing Analyzer during compilation                ; On                 ; On                 ;
; Enable compact report table                                                     ; Off                ; Off                ;
; Restructure Multiplexers                                                        ; Auto               ; Auto               ;
; MLAB Add Timing Constraints For Mixed-Port Feed-Through Mode Setting Don't Care ; Off                ; Off                ;
; Create Debugging Nodes for IP Cores                                             ; Off                ; Off                ;
; Preserve fewer node names                                                       ; On                 ; On                 ;
; Intel FPGA IP Evaluation Mode                                                   ; Enable             ; Enable             ;
; Verilog Version                                                                 ; Verilog_2001       ; Verilog_2001       ;
; VHDL Version                                                                    ; VHDL_1993          ; VHDL_1993          ;
; State Machine Processing                                                        ; Auto               ; Auto               ;
; Safe State Machine                                                              ; Off                ; Off                ;
; Extract Verilog State Machines                                                  ; On                 ; On                 ;
; Extract VHDL State Machines                                                     ; On                 ; On                 ;
; Ignore Verilog initial constructs                                               ; Off                ; Off                ;
; Iteration limit for constant Verilog loops                                      ; 5000               ; 5000               ;
; Iteration limit for non-constant Verilog loops                                  ; 250                ; 250                ;
; Add Pass-Through Logic to Inferred RAMs                                         ; On                 ; On                 ;
; Infer RAMs from Raw Logic                                                       ; On                 ; On                 ;
; Parallel Synthesis                                                              ; On                 ; On                 ;
; DSP Block Balancing                                                             ; Auto               ; Auto               ;
; NOT Gate Push-Back                                                              ; On                 ; On                 ;
; Power-Up Don't Care                                                             ; On                 ; On                 ;
; Remove Redundant Logic Cells                                                    ; Off                ; Off                ;
; Remove Duplicate Registers                                                      ; On                 ; On                 ;
; Ignore CARRY Buffers                                                            ; Off                ; Off                ;
; Ignore CASCADE Buffers                                                          ; Off                ; Off                ;
; Ignore GLOBAL Buffers                                                           ; Off                ; Off                ;
; Ignore ROW GLOBAL Buffers                                                       ; Off                ; Off                ;
; Ignore LCELL Buffers                                                            ; Off                ; Off                ;
; Ignore SOFT Buffers                                                             ; On                 ; On                 ;
; Limit AHDL Integers to 32 Bits                                                  ; Off                ; Off                ;
; Optimization Technique                                                          ; Balanced           ; Balanced           ;
; Carry Chain Length                                                              ; 70                 ; 70                 ;
; Auto Carry Chains                                                               ; On                 ; On                 ;
; Auto Open-Drain Pins                                                            ; On                 ; On                 ;
; Perform WYSIWYG Primitive Resynthesis                                           ; Off                ; Off                ;
; Auto ROM Replacement                                                            ; On                 ; On                 ;
; Auto RAM Replacement                                                            ; On                 ; On                 ;
; Auto DSP Block Replacement                                                      ; On                 ; On                 ;
; Auto Shift Register Replacement                                                 ; Auto               ; Auto               ;
; Allow Shift Register Merging across Hierarchies                                 ; Auto               ; Auto               ;
; Auto Clock Enable Replacement                                                   ; On                 ; On                 ;
; Strict RAM Replacement                                                          ; Off                ; Off                ;
; Allow Synchronous Control Signals                                               ; On                 ; On                 ;
; Force Use of Synchronous Clear Signals                                          ; Off                ; Off                ;
; Auto Resource Sharing                                                           ; Off                ; Off                ;
; Allow Any RAM Size For Recognition                                              ; Off                ; Off                ;
; Allow Any ROM Size For Recognition                                              ; Off                ; Off                ;
; Allow Any Shift Register Size For Recognition                                   ; Off                ; Off                ;
; Use LogicLock Constraints during Resource Balancing                             ; On                 ; On                 ;
; Ignore translate_off and synthesis_off directives                               ; Off                ; Off                ;
; Timing-Driven Synthesis                                                         ; On                 ; On                 ;
; Report Parameter Settings                                                       ; On                 ; On                 ;
; Report Source Assignments                                                       ; On                 ; On                 ;
; Report Connectivity Checks                                                      ; On                 ; On                 ;
; Ignore Maximum Fan-Out Assignments                                              ; Off                ; Off                ;
; Synchronization Register Chain Length                                           ; 3                  ; 3                  ;
; Power Optimization During Synthesis                                             ; Normal compilation ; Normal compilation ;
; HDL message level                                                               ; Level2             ; Level2             ;
; Suppress Register Optimization Related Messages                                 ; Off                ; Off                ;
; Number of Removed Registers Reported in Synthesis Report                        ; 5000               ; 5000               ;
; Number of Swept Nodes Reported in Synthesis Report                              ; 5000               ; 5000               ;
; Number of Inverted Registers Reported in Synthesis Report                       ; 100                ; 100                ;
; Clock MUX Protection                                                            ; On                 ; On                 ;
; Auto Gated Clock Conversion                                                     ; Off                ; Off                ;
; Block Design Naming                                                             ; Auto               ; Auto               ;
; SDC constraint protection                                                       ; Off                ; Off                ;
; Synthesis Effort                                                                ; Auto               ; Auto               ;
; Shift Register Replacement - Allow Asynchronous Clear Signal                    ; On                 ; On                 ;
; Pre-Mapping Resynthesis Optimization                                            ; Off                ; Off                ;
; Analysis & Synthesis Message Level                                              ; Medium             ; Medium             ;
; Disable Register Merging Across Hierarchies                                     ; Auto               ; Auto               ;
; Resource Aware Inference For Block RAM                                          ; On                 ; On                 ;
; Automatic Parallel Synthesis                                                    ; On                 ; On                 ;
; Partial Reconfiguration Bitstream ID                                            ; Off                ; Off                ;
+---------------------------------------------------------------------------------+--------------------+--------------------+


+------------------------------------------+
; Parallel Compilation                     ;
+----------------------------+-------------+
; Processors                 ; Number      ;
+----------------------------+-------------+
; Number detected on machine ; 4           ;
; Maximum allowed            ; 2           ;
;                            ;             ;
; Average used               ; 1.00        ;
; Maximum used               ; 2           ;
;                            ;             ;
; Usage by Processor         ; % Time Used ;
;     Processor 1            ; 100.0%      ;
;     Processor 2            ;   0.0%      ;
+----------------------------+-------------+


+----------------------------------------------------------------------------------------------------------------------------------------------------------------------------------------+
; Analysis & Synthesis Source Files Read                                                                                                                                                 ;
+----------------------------------+-----------------+------------------------------------+------------------------------------------------------------------------------------+---------+
; File Name with User-Entered Path ; Used in Netlist ; File Type                          ; File Name with Absolute Path                                                       ; Library ;
+----------------------------------+-----------------+------------------------------------+------------------------------------------------------------------------------------+---------+
; register.bdf                     ; yes             ; User Block Diagram/Schematic File  ; D:/Astudy/second year/first term/micro processor/assignments/final EU/register.bdf ;         ;
; reg.bdf                          ; yes             ; User Block Diagram/Schematic File  ; D:/Astudy/second year/first term/micro processor/assignments/final EU/reg.bdf      ;         ;
; muxbus.bdf                       ; yes             ; User Block Diagram/Schematic File  ; D:/Astudy/second year/first term/micro processor/assignments/final EU/muxbus.bdf   ;         ;
; mux4.bdf                         ; yes             ; User Block Diagram/Schematic File  ; D:/Astudy/second year/first term/micro processor/assignments/final EU/mux4.bdf     ;         ;
; FA.bdf                           ; yes             ; User Block Diagram/Schematic File  ; D:/Astudy/second year/first term/micro processor/assignments/final EU/FA.bdf       ;         ;
; Eu.bdf                           ; yes             ; User Block Diagram/Schematic File  ; D:/Astudy/second year/first term/micro processor/assignments/final EU/Eu.bdf       ;         ;
; dc.bdf                           ; yes             ; User Block Diagram/Schematic File  ; D:/Astudy/second year/first term/micro processor/assignments/final EU/dc.bdf       ;         ;
; CA.bdf                           ; yes             ; User Block Diagram/Schematic File  ; D:/Astudy/second year/first term/micro processor/assignments/final EU/CA.bdf       ;         ;
; ALU.bdf                          ; yes             ; User Block Diagram/Schematic File  ; D:/Astudy/second year/first term/micro processor/assignments/final EU/ALU.bdf      ;         ;
; A.bdf                            ; yes             ; User Block Diagram/Schematic File  ; D:/Astudy/second year/first term/micro processor/assignments/final EU/A.bdf        ;         ;
+----------------------------------+-----------------+------------------------------------+------------------------------------------------------------------------------------+---------+


+---------------------------------------------------------+
; Analysis & Synthesis Resource Usage Summary             ;
+---------------------------------------------+-----------+
; Resource                                    ; Usage     ;
+---------------------------------------------+-----------+
; Estimate of Logic utilization (ALMs needed) ; 15        ;
;                                             ;           ;
; Combinational ALUT usage for logic          ; 18        ;
;     -- 7 input functions                    ; 0         ;
;     -- 6 input functions                    ; 10        ;
;     -- 5 input functions                    ; 3         ;
;     -- 4 input functions                    ; 2         ;
;     -- <=3 input functions                  ; 3         ;
;                                             ;           ;
; Dedicated logic registers                   ; 12        ;
;                                             ;           ;
; I/O pins                                    ; 28        ;
;                                             ;           ;
; Total DSP Blocks                            ; 0         ;
;                                             ;           ;
; Maximum fan-out node                        ; clk~input ;
; Maximum fan-out                             ; 12        ;
; Total fan-out                               ; 170       ;
; Average fan-out                             ; 1.98      ;
+---------------------------------------------+-----------+


+---------------------------------------------------------------------------------------------------------------------------------------------------------------------------------------------------------+
; Analysis & Synthesis Resource Utilization by Entity                                                                                                                                                     ;
+----------------------------+---------------------+---------------------------+-------------------+------------+------+--------------+--------------------------------------+-------------+--------------+
; Compilation Hierarchy Node ; Combinational ALUTs ; Dedicated Logic Registers ; Block Memory Bits ; DSP Blocks ; Pins ; Virtual Pins ; Full Hierarchy Name                  ; Entity Name ; Library Name ;
+----------------------------+---------------------+---------------------------+-------------------+------------+------+--------------+--------------------------------------+-------------+--------------+
; |Eu                        ; 18 (0)              ; 12 (0)                    ; 0                 ; 0          ; 28   ; 0            ; |Eu                                  ; Eu          ; work         ;
;    |A:alu1|                ; 7 (0)               ; 0 (0)                     ; 0                 ; 0          ; 0    ; 0            ; |Eu|A:alu1                           ; A           ; work         ;
;       |ALU:inst|           ; 7 (0)               ; 0 (0)                     ; 0                 ; 0          ; 0    ; 0            ; |Eu|A:alu1|ALU:inst                  ; ALU         ; work         ;
;          |CA:inst|         ; 2 (0)               ; 0 (0)                     ; 0                 ; 0          ; 0    ; 0            ; |Eu|A:alu1|ALU:inst|CA:inst          ; CA          ; work         ;
;             |FA:inst1|     ; 1 (1)               ; 0 (0)                     ; 0                 ; 0          ; 0    ; 0            ; |Eu|A:alu1|ALU:inst|CA:inst|FA:inst1 ; FA          ; work         ;
;             |FA:inst2|     ; 1 (1)               ; 0 (0)                     ; 0                 ; 0          ; 0    ; 0            ; |Eu|A:alu1|ALU:inst|CA:inst|FA:inst2 ; FA          ; work         ;
;          |mux4:inst11|     ; 1 (1)               ; 0 (0)                     ; 0                 ; 0          ; 0    ; 0            ; |Eu|A:alu1|ALU:inst|mux4:inst11      ; mux4        ; work         ;
;          |mux4:inst12|     ; 1 (1)               ; 0 (0)                     ; 0                 ; 0          ; 0    ; 0            ; |Eu|A:alu1|ALU:inst|mux4:inst12      ; mux4        ; work         ;
;          |mux4:inst13|     ; 1 (1)               ; 0 (0)                     ; 0                 ; 0          ; 0    ; 0            ; |Eu|A:alu1|ALU:inst|mux4:inst13      ; mux4        ; work         ;
;          |mux4:inst14|     ; 1 (1)               ; 0 (0)                     ; 0                 ; 0          ; 0    ; 0            ; |Eu|A:alu1|ALU:inst|mux4:inst14      ; mux4        ; work         ;
;          |mux4:inst9m|     ; 1 (1)               ; 0 (0)                     ; 0                 ; 0          ; 0    ; 0            ; |Eu|A:alu1|ALU:inst|mux4:inst9m      ; mux4        ; work         ;
;    |dc:inst|               ; 3 (3)               ; 0 (0)                     ; 0                 ; 0          ; 0    ; 0            ; |Eu|dc:inst                          ; dc          ; work         ;
;    |muxbus:inst2|          ; 4 (0)               ; 0 (0)                     ; 0                 ; 0          ; 0    ; 0            ; |Eu|muxbus:inst2                     ; muxbus      ; work         ;
;       |mux4:inst1|         ; 1 (1)               ; 0 (0)                     ; 0                 ; 0          ; 0    ; 0            ; |Eu|muxbus:inst2|mux4:inst1          ; mux4        ; work         ;
;       |mux4:inst2|         ; 1 (1)               ; 0 (0)                     ; 0                 ; 0          ; 0    ; 0            ; |Eu|muxbus:inst2|mux4:inst2          ; mux4        ; work         ;
;       |mux4:inst3|         ; 1 (1)               ; 0 (0)                     ; 0                 ; 0          ; 0    ; 0            ; |Eu|muxbus:inst2|mux4:inst3          ; mux4        ; work         ;
;       |mux4:inst|          ; 1 (1)               ; 0 (0)                     ; 0                 ; 0          ; 0    ; 0            ; |Eu|muxbus:inst2|mux4:inst           ; mux4        ; work         ;
;    |muxbus:inst3|          ; 4 (0)               ; 0 (0)                     ; 0                 ; 0          ; 0    ; 0            ; |Eu|muxbus:inst3                     ; muxbus      ; work         ;
;       |mux4:inst1|         ; 1 (1)               ; 0 (0)                     ; 0                 ; 0          ; 0    ; 0            ; |Eu|muxbus:inst3|mux4:inst1          ; mux4        ; work         ;
;       |mux4:inst2|         ; 1 (1)               ; 0 (0)                     ; 0                 ; 0          ; 0    ; 0            ; |Eu|muxbus:inst3|mux4:inst2          ; mux4        ; work         ;
;       |mux4:inst3|         ; 1 (1)               ; 0 (0)                     ; 0                 ; 0          ; 0    ; 0            ; |Eu|muxbus:inst3|mux4:inst3          ; mux4        ; work         ;
;       |mux4:inst|          ; 1 (1)               ; 0 (0)                     ; 0                 ; 0          ; 0    ; 0            ; |Eu|muxbus:inst3|mux4:inst           ; mux4        ; work         ;
;    |register:inst10|       ; 0 (0)               ; 4 (0)                     ; 0                 ; 0          ; 0    ; 0            ; |Eu|register:inst10                  ; register    ; work         ;
;       |reg:inst|           ; 0 (0)               ; 4 (4)                     ; 0                 ; 0          ; 0    ; 0            ; |Eu|register:inst10|reg:inst         ; reg         ; work         ;
;    |register:inst11|       ; 0 (0)               ; 4 (0)                     ; 0                 ; 0          ; 0    ; 0            ; |Eu|register:inst11                  ; register    ; work         ;
;       |reg:inst|           ; 0 (0)               ; 4 (4)                     ; 0                 ; 0          ; 0    ; 0            ; |Eu|register:inst11|reg:inst         ; reg         ; work         ;
;    |register:inst9|        ; 0 (0)               ; 4 (0)                     ; 0                 ; 0          ; 0    ; 0            ; |Eu|register:inst9                   ; register    ; work         ;
;       |reg:inst|           ; 0 (0)               ; 4 (4)                     ; 0                 ; 0          ; 0    ; 0            ; |Eu|register:inst9|reg:inst          ; reg         ; work         ;
+----------------------------+---------------------+---------------------------+-------------------+------------+------+--------------+--------------------------------------+-------------+--------------+
Note: For table entries with two numbers listed, the numbers in parentheses indicate the number of resources of the given type used by the specific entity alone. The numbers listed outside of parentheses indicate the total resources of the given type used by the specific entity and all of its sub-entities in the hierarchy.


+------------------------------------------------------+
; General Register Statistics                          ;
+----------------------------------------------+-------+
; Statistic                                    ; Value ;
+----------------------------------------------+-------+
; Total registers                              ; 12    ;
; Number of registers using Synchronous Clear  ; 0     ;
; Number of registers using Synchronous Load   ; 0     ;
; Number of registers using Asynchronous Clear ; 0     ;
; Number of registers using Asynchronous Load  ; 0     ;
; Number of registers using Clock Enable       ; 12    ;
; Number of registers using Preset             ; 0     ;
+----------------------------------------------+-------+


+-----------------------------------------------------+
; Post-Synthesis Netlist Statistics for Top Partition ;
+-----------------------+-----------------------------+
; Type                  ; Count                       ;
+-----------------------+-----------------------------+
; arriav_ff             ; 12                          ;
;     ENA               ; 12                          ;
; arriav_lcell_comb     ; 18                          ;
;     normal            ; 18                          ;
;         2 data inputs ; 3                           ;
;         4 data inputs ; 2                           ;
;         5 data inputs ; 3                           ;
;         6 data inputs ; 10                          ;
; boundary_port         ; 28                          ;
;                       ;                             ;
; Max LUT depth         ; 3.00                        ;
; Average LUT depth     ; 2.49                        ;
+-----------------------+-----------------------------+


+-------------------------------+
; Elapsed Time Per Partition    ;
+----------------+--------------+
; Partition Name ; Elapsed Time ;
+----------------+--------------+
; Top            ; 00:00:01     ;
+----------------+--------------+


+-------------------------------+
; Analysis & Synthesis Messages ;
+-------------------------------+
Info: *******************************************************************
Info: Running Quartus Prime Analysis & Synthesis
    Info: Version 20.1.1 Build 720 11/11/2020 SJ Lite Edition
    Info: Processing started: Sun Oct 31 23:04:15 2021
Info: Command: quartus_map --read_settings_files=on --write_settings_files=off EU -c EU
Warning (18236): Number of processors has not been specified which may cause overloading on shared machines.  Set the global assignment NUM_PARALLEL_PROCESSORS in your QSF to an appropriate value for best performance.
Info (20030): Parallel compilation is enabled and will use 2 of the 2 processors detected
Info (12021): Found 1 design units, including 1 entities, in source file sr.bdf
    Info (12023): Found entity 1: SR
Info (12021): Found 1 design units, including 1 entities, in source file register.bdf
    Info (12023): Found entity 1: register
Info (12021): Found 1 design units, including 1 entities, in source file reg.bdf
    Info (12023): Found entity 1: reg
Info (12021): Found 1 design units, including 1 entities, in source file muxbus.bdf
    Info (12023): Found entity 1: muxbus
Info (12021): Found 1 design units, including 1 entities, in source file mux4.bdf
    Info (12023): Found entity 1: mux4
Info (12021): Found 1 design units, including 1 entities, in source file fa.bdf
    Info (12023): Found entity 1: FA
Info (12021): Found 1 design units, including 1 entities, in source file eu.bdf
    Info (12023): Found entity 1: Eu
Info (12021): Found 1 design units, including 1 entities, in source file dc.bdf
    Info (12023): Found entity 1: dc
Info (12021): Found 1 design units, including 1 entities, in source file ca.bdf
    Info (12023): Found entity 1: CA
Info (12021): Found 1 design units, including 1 entities, in source file alu.bdf
    Info (12023): Found entity 1: ALU
Info (12021): Found 1 design units, including 1 entities, in source file a.bdf
    Info (12023): Found entity 1: A
Info (12127): Elaborating entity "Eu" for the top level hierarchy
Warning (275083): Bus "Y1[1]" found using same base name as "Y", which might lead to a name conflict.
Warning (275083): Bus "Y2[2]" found using same base name as "Y", which might lead to a name conflict.
Warning (275083): Bus "Y0[0]" found using same base name as "Y", which might lead to a name conflict.
Warning (275080): Converted elements in bus name "Y" using legacy naming rules. Make any assignments on the new names, not on the original names.
    Warning (275081): Converted element name(s) from "Y[3..0]" to "Y3..0"
Warning (275080): Converted elements in bus name "Y0" using legacy naming rules. Make any assignments on the new names, not on the original names.
    Warning (275081): Converted element name(s) from "Y0[0]" to "Y00"
Warning (275080): Converted elements in bus name "Y1" using legacy naming rules. Make any assignments on the new names, not on the original names.
    Warning (275081): Converted element name(s) from "Y1[1]" to "Y11"
Warning (275080): Converted elements in bus name "Y2" using legacy naming rules. Make any assignments on the new names, not on the original names.
    Warning (275081): Converted element name(s) from "Y2[2]" to "Y22"
Info (12128): Elaborating entity "A" for hierarchy "A:alu1"
Info (12128): Elaborating entity "ALU" for hierarchy "A:alu1|ALU:inst"
Info (12128): Elaborating entity "mux4" for hierarchy "A:alu1|ALU:inst|mux4:inst9m"
Info (12128): Elaborating entity "CA" for hierarchy "A:alu1|ALU:inst|CA:inst"
Info (12128): Elaborating entity "FA" for hierarchy "A:alu1|ALU:inst|CA:inst|FA:inst"
Info (12128): Elaborating entity "muxbus" for hierarchy "muxbus:inst2"
Info (12128): Elaborating entity "register" for hierarchy "register:inst11"
Info (12128): Elaborating entity "reg" for hierarchy "register:inst11|reg:inst"
Info (12128): Elaborating entity "dc" for hierarchy "dc:inst"
Info (286030): Timing-Driven Synthesis is running
Info (16010): Generating hard_block partition "hard_block:auto_generated_inst"
    Info (16011): Adding 0 node(s), including 0 DDIO, 0 PLL, 0 transceiver and 0 LCELL
Info (21057): Implemented 58 device resources after synthesis - the final resource count might be different
    Info (21058): Implemented 11 input pins
    Info (21059): Implemented 17 output pins
    Info (21061): Implemented 30 logic cells
Info: Quartus Prime Analysis & Synthesis was successful. 0 errors, 12 warnings
    Info: Peak virtual memory: 4800 megabytes
    Info: Processing ended: Sun Oct 31 23:04:38 2021
    Info: Elapsed time: 00:00:23
    Info: Total CPU time (on all processors): 00:00:49


